// Jest Snapshot v1, https://goo.gl/fbAQLP

exports[`Localized Text Component should render correctly 1`] = `
<Text
  style={Object {}}
/>
`;
